+------+------+
|a.name|b.name|
+------+------+
| Alice|   Bob|
|   Bob| Carol|
+------+------+

