╔══════════════════════════╤══════════════╤═══════════════╗
║ id                       │ property_age │ property_name ║
╠══════════════════════════╪══════════════╪═══════════════╣
║ [0, 0, 0, 0, 0, 0, 0, 1] │ 20           │ 'Bob'         ║
║ [0, 0, 0, 0, 0, 0, 0, 2] │ 15           │ 'Carol'       ║
╚══════════════════════════╧══════════════╧═══════════════╝
(2 rows)
