CAPSNode(List(1), Set(Person, Adult), Map(name -> Bob, age -> 20, canVote -> true))
